// Jest Snapshot v1, https://goo.gl/fbAQLP

exports[`<Profile /> matches snapshot 1`] = `
<div>
  <div>
    <b>
      vue만 하고 싶다
    </b>
     
    <span>
      (
      dongwoo
      )
    </span>
  </div>
</div>
`;
